
> promptcut@0.7.17 test
> node scripts/test-suite.mjs server/test/account-real-runner.test.mjs

✖ actual hosted factory signs WSS/project.open, executes real tools and commits doc revision; settlement stays pending (4245.6395ms)
ℹ tests 1
ℹ suites 0
ℹ pass 0
ℹ fail 1
ℹ cancelled 0
ℹ skipped 0
ℹ todo 0
ℹ duration_ms 4461.2543

✖ failing tests:

test at server\test\account-real-runner.test.mjs:5:1
✖ actual hosted factory signs WSS/project.open, executes real tools and commits doc revision; settlement stays pending (4245.6395ms)
  TypeError: Cannot read properties of undefined (reading 'name')
      at TestContext.<anonymous> (file:///C:/Users/admin/Documents/PromptCut/.worktrees/018-cloud-queue-user-path/server/test/account-real-runner.test.mjs:30:31)
      at process.processTicksAndRejections (node:internal/process/task_queues:104:5)
      at async Test.run (node:internal/test_runner/test:1389:7)
      at async startSubtestAfterBootstrap (node:internal/test_runner/harness:387:3) {
    cleanupErrors: []
  }
✖ npm test 最终结果：仍有失败
