
> promptcut@0.7.17 test
> node scripts/test-suite.mjs server/test/agent-read-control.test.mjs server/test/agent-read-control-transport.test.mjs server/test/agent-access-http.test.mjs server/test/cloud-queue-http.test.mjs server/test/account-assembly-central.test.mjs server/test/account-executor-assembly-mtls.test.mjs server/test/account-executor-assembly.test.mjs server/test/account-executor-visible-wire.test.mjs server/test/account-run-events.test.mjs src/ai/cloud/events.test.mjs src/ai/cloud/account-read-revocation.test.mjs src/ai/cloud/account-conversation-controls.test.mjs server/test/fixtures/http-proxy-stream.test.mjs src/ai/cloud/page-requests.test.mjs server/test/account-real-runner.test.mjs server/test/account-real-runner-sse.test.mjs server/test/agent-run-scope-core.test.mjs server/test/asset-root-registry-publisher.test.mjs server/test/asset-root-registry-schema-v2.test.mjs

✔ v2 required refuses missing order before opening any cloud entry (2.6673ms)
✔ actual provider/order → central doc → independent asset → two pages: durable op, readonly selection, restart and revoked resume (1556.9896ms)
ℹ actual order accepted=1, orderSeq=1; no run provider installed
ℹ C:\Users\admin\AppData\Local\Temp\pc-doc-assembly-child-1791507835082.log
✔ actual provider/order → central doc → independent asset → two pages + real conversation/run factories: durable op, readonly selection, restart and revoked resume (3028.9895ms)
ℹ actual order accepted=1, orderSeq=1; registered HTTP + scoped mTLS WS/LP data; control ACK/OS closure remain pending
ℹ C:\Users\admin\AppData\Local\Temp\pc-doc-assembly-child-1791507838111.log
✔ one registered RAM instance assembles real mTLS run/read clients; POST mirrors doc original and SSE replays durable eventSeq (1103.2644ms)
✔ account executor assembly rejects incomplete configuration before registration or listening (78.3793ms)
✔ actual account CLI rejects missing or shared control port before registration and business listening (919.6242ms)
✔ actual account HTTP SSE projects accepted user scope from FULL doc-bound row before run output (1264.3903ms)
✔ actual SSE normal polls survive; synchronous fenced dispatch is supervised and closes owned response/socket (802.2271ms)
✔ actual hosted factory signs WSS/project.open, executes real tools and commits doc revision; settlement stays pending (5031.4706ms)
✔ FULL committed events replay across reopen; scoped monotonic cursors and immutable sender binding (35.9608ms)
✔ identical event IDs replay exactly, conflicts and forged registered binding are rejected (22.8005ms)
✔ fresh provider mismatch and missing trusted configuration never register a run (17.3417ms)
✔ supervised synchronous emitter copies payload, drains in order, omits full tool output (21.0978ms)
✔ real SQLite failure is supervised immediately; subsequent gate and flush reject original failure (25.4277ms)
✔ concurrent registered runs share one committed conversation cursor, other conversations do not (33.398ms)
✔ real doc read/run bindings reach durable run/tool/model events, but no inferred successful finish (76.2445ms)
✔ append failure aborts actual runner handle, waits owned drain, and blocks next model/tool/finish (60.3921ms)
✔ fresh doc SQLite message mirror shares stable eventSeq; mutable queue/run projections do not duplicate it (34.2698ms)
✔ accepted mirror rejects doc denial, scope mismatch and forged digest before writing any event (30.4071ms)
✔ private service mirror invokes actual doc get, propagates missing read scope and never mirrors send body (49.99ms)
✔ accepted-message commit fault rolls back both row and cursor and closes with failure (12.7047ms)
✔ recovered run mirrors only original doc message matched to fresh grant digest; denied or changed sources write nothing (41.1366ms)
✔ real mTLS doc + HTTP Agent: two accounts, private fence, consent, ACK replay, revocation (910.0214ms)
✔ Agent history cannot send an old real access RPC result after a private fence (1347.9384ms)
ℹ {"actualDocRpc":true,"realSqlitePrivate":true,"actualAllowed":true,"leakedSentinel":false,"complete":true,"actualCloseBeforeAck":true,"executorMounted":false}
✔ zero-run HTTP reads persist exact instance inventory; private completion waits close then exact ACK (42.7785ms)
✔ creator and owner private read remain; ordinary project-wide list is included in fence (29.0416ms)
✔ same certificate new RAM instance cannot close or ACK the original read; unknown historical instance stays pending (26.2615ms)
✔ disconnect and doc restart preserve open inventory; only original live RAM key can reprove (24.576ms)
✔ read proofs have exact body/action scope, nonce replay rejects, and changed request identity conflicts (21.8972ms)
✔ same control scope has immutable payload and rollback cannot publish a phantom control (28.5202ms)
✔ legacy Agent ACK cannot bypass mandatory read closure, including module loss after SQLite reopen (25.6463ms)
✔ only complete internal zero-run closure can produce the legacy ACK digest; real run inventory remains pending (29.6458ms)
✔ pre-existing legacy Agent ACK stays evidence, not completion after required/reopen (outbox=false) (21.7818ms)
ℹ {"lostOldAccountAck":false,"agentPending":true,"forwardedAfterRequired":0,"pendingEvents":1}
✔ pre-existing legacy Agent ACK stays evidence, not completion after required/reopen (outbox=true) (22.5011ms)
ℹ {"lostOldAccountAck":true,"agentPending":true,"forwardedAfterRequired":0,"pendingEvents":1}
▶ listener parser/owner refuses another MainPID fd set, wildcard, other UID and ambiguous/reused port
  ✔ wrong MainPID owns different socket (2.0064ms)
  ✔ recycled inode absent from actual fd (0.1329ms)
  ✔ wildcard bound management listener (0.0939ms)
  ✔ other UID (0.0765ms)
  ✔ multiple candidates (0.0675ms)
  ✔ unknown table (0.0628ms)
  ✔ malformed table (0.0557ms)
  ✔ IPv6 alternative listener (0.0684ms)
✔ listener parser/owner refuses another MainPID fd set, wildcard, other UID and ambiguous/reused port (4.5146ms)
✔ controlled two independent slots: closing A leaves B bound; two epochs have distinct complete OS/key identities (23.2756ms)
✔ single generation admits one signed grant; exact bind retry is idempotent, another conversation conflicts (13.1249ms)
✔ terminal retry uses identical old intent; changed terminal cannot rewrite closed history (9.738ms)
✔ fresh generation cannot reuse old runGrantId even with a new valid doc signature (11.9849ms)
✔ RAM key reuse across OS generations is rejected before a new publication (14.6871ms)
✔ active slot cannot start new OS generation (3.7372ms)
✔ missing or forged Doc signature never reaches OS stop (4.6787ms)
✔ new OS key cannot sign the old terminal intent (3.944ms)
▶ wrong slot/instance/generation is not accepted merely because a signature is valid
  ✔ {"instanceId":"replacement"} (2.3201ms)
  ✔ {"instanceGeneration":0} (2.0769ms)
  ✔ {"publicKeyDigest":"ffffffffffffffffffffffffffffffffffffffffffffffffffffffffffffffff"} (2.3158ms)
  ✔ {"serviceId":"asset"} (2.1488ms)
✔ wrong slot/instance/generation is not accepted merely because a signature is valid (9.3548ms)
▶ old FD errors/nonempty keep marker absent, lock held, scope unreleased
  ✔ observe (6.3539ms)
  ✔ populated (5.5506ms)
  ✔ pin (3.6572ms)
  ✔ release (4.3595ms)
✔ old FD errors/nonempty keep marker absent, lock held, scope unreleased (20.3352ms)
✔ closure is durable before scope release and publication; no successful close is inferred from visible head (4.3146ms)
▶ reader rejects missing marker, mixed target, partial history, rollback and moved scope inode
  ✔ tampered chain (5.7379ms)
  ✔ tampered chain (8.1553ms)
  ✔ tampered chain (6.35ms)
  ✔ tampered chain (4.863ms)
  ✔ tampered chain (5.0631ms)
✔ reader rejects missing marker, mixed target, partial history, rollback and moved scope inode (37.1982ms)
✔ reader detects a concurrent transition or lock before returning a projection (2.8666ms)
✔ Agent reservation domain cannot be exchanged for Asset, and trusted anchor is explicit (1.527ms)
▶ unknown/prototype phases cannot skip publication checks
  ✔ __proto__ (2.4297ms)
  ✔ constructor (2.6279ms)
  ✔ finished (4.3358ms)
  ✔ null (3.1646ms)
  ✔ [object Object] (2.1844ms)
✔ unknown/prototype phases cannot skip publication checks (15.1494ms)
✔ real TMP file post-link directory barrier failure leaves visible marker AND exclusion lock (17.1025ms)
✔ Windows is never promoted to Linux root by an injected callback or valid config (0.9564ms)
✔ probe/worker CLI guards reject before any listener, and child actual close is awaited (127.898ms)
✔ publisher parses actual /proc stat field 22 without whitespace/comm confusion; scope rejects arbitrary unit/path (2.9169ms)
✔ publisher rejects automatic replacement, delegated tree, alias unit, or process-only KillMode before unit control (0.4878ms)
✔ controlled initialize creates immutable anchor; rotate closure precedes reservation/active; matches canonical witness chain (4.3837ms)
✔ controlled incorrect old process refuses stop; ENOENT observation remains inactive and never starts (2.675ms)
▶ controlled closure cannot substitute another boot/cgroup/birth/invocation or false completion
  ✔ mismatch 0 (0.8765ms)
  ✔ mismatch 1 (0.8981ms)
  ✔ mismatch 2 (0.8193ms)
  ✔ mismatch 3 (0.7789ms)
  ✔ mismatch 4 (1.1166ms)
✔ controlled closure cannot substitute another boot/cgroup/birth/invocation or false completion (5.3211ms)
▶ controlled pre-write cuts leave nonactive and retain lock; these do not model post-rename failure
  ✔ transition.json (0.5505ms)
  ✔ witness-2.json (0.4049ms)
  ✔ reservation.json (0.3937ms)
  ✔ epoch-2.json (0.4439ms)
  ✔ current-active (0.4082ms)
✔ controlled pre-write cuts leave nonactive and retain lock; these do not model post-rename failure (2.5677ms)
▶ controlled identity cannot change PID/epoch/instance/authority/pin or self-attest extra OS fields
  ✔ pid (0.4699ms)
  ✔ epoch (0.134ms)
  ✔ instanceId (0.0975ms)
  ✔ authorityId (0.0899ms)
  ✔ docClientFingerprint256 (0.1067ms)
  ✔ uid (0.0984ms)
✔ controlled identity cannot change PID/epoch/instance/authority/pin or self-attest extra OS fields (1.282ms)
✔ controlled MainPID change during identity await or final fsync window never publishes active (0.349ms)
✔ controlled bootstrap is explicit, prior files/history cannot be reset and root mutex spans entire async operation (0.563ms)
✔ controlled third epoch checks complete owned history; corrupt/missing prior witness cannot stop a unit (2.9478ms)
✔ production entry never accepts Windows/nonroot as OS evidence; CLI rejects fixture/force before IO and actually closes (87.0384ms)
✔ real TMP current rename followed by directory fsync failure may expose active, but must retain publisher lock (21.0734ms)
ℹ actual active JSON visible after rename; injected directory barrier failure; lock retained; no accepted checkpoint claim
✔ real TMP publication hardlink visible then directory barrier fails: marker alone never permits unlock (21.7813ms)
[包含敏感字段的日志行已隐藏]
✔ real TMP in-flight publication barrier keeps lock; only successful completion removes it and binds every digest (23.8027ms)
ℹ real file operations; controlled directory barrier on Windows; no Linux durability/power-loss claim
✔ real TMP unlock barrier failure has unknown CLI result but cannot undo already completed publication (22.7864ms)
ℹ unlock result unknown; marker/active barriers completed before unlink; failure is NOT a claim of inactive
✔ prior active without exact publication completion marker cannot be rotated (1.5561ms)
✔ v2 controlled two-epoch publisher persists witness before releasing old scope, archives every reservation and keeps new scope (4.8983ms)
▶ v2 controlled faults never release old scope before durable empty witness or authorize new active generation
  ✔ ENODEV (1.1271ms)
  ✔ populated (1.3124ms)
  ✔ wrong tuple (1.0581ms)
  ✔ witness visible but fsync fails (1.3049ms)
  ✔ release unknown (1.2795ms)
  ✔ scope collision (0.9816ms)
  ✔ foreign configuration (1.1079ms)
  ✔ identity mismatch (1.2373ms)
✔ v2 controlled faults never release old scope before durable empty witness or authorize new active generation (9.9645ms)
✔ v2 refuses missing reservation history before any stop and rejects implicit v1 upgrade (1.1477ms)
✔ v2 visible active/marker write failures retain exclusion, not a fictitious rollback (1.1452ms)
✔ v2 third epoch cannot reuse nonadjacent history identities or invocations (10.1302ms)
✔ v2 runtime configuration permits only exact owned drop-in and immutable declared base set; Linux root gate remains (0.4ms)
✔ v2 real file drop-in replacement refuses foreign contents/inode; post-rename fsync failure retains real lock (13.7726ms)
ℹ Real Windows file/rename/lock; injected directory fsync failure, not Linux unit or durability proof
✔ v2 pure validation binds two distinct tuples, immutable reservations and full contiguous history (6.5825ms)
▶ v2 rejects slice/service tuple substitution, prefix-only containment and foreign identity
  ✔ slice substituted for service (2.4548ms)
  ✔ sibling prefix (0.5274ms)
  ✔ nested other unit (0.5297ms)
  ✔ dot path (1.2215ms)
  ✔ wrong scope epoch (0.3662ms)
  ✔ wrong authority (0.3636ms)
  ✔ wrong instance (0.3076ms)
  ✔ different boot (0.3625ms)
  ✔ same inode (0.9023ms)
  ✔ same invocation (1.5775ms)
  ✔ zero invocation (0.394ms)
  ✔ extra trusted flag (0.6354ms)
✔ v2 rejects slice/service tuple substitution, prefix-only containment and foreign identity (12.2902ms)
▶ v2 rejects missing/nonempty/unknown closure facts and changed previous tuple even with recomputed witness digest
  ✔ populated (3.4037ms)
  ✔ closed (2.082ms)
  ✔ scopeActive (2.5824ms)
  ✔ scopeExclusive (1.4807ms)
  ✔ serviceInactive (1.6909ms)
  ✔ mainBirthGone (1.043ms)
  ✔ kind (1.491ms)
  ✔ at (1.1505ms)
✔ v2 rejects missing/nonempty/unknown closure facts and changed previous tuple even with recomputed witness digest (17.0225ms)
✔ v2 requires marker/unlocked gate, exact reservation and checkpoint rather than visible active alone (2.0932ms)
✔ v2 rejects history gaps, reorder, epoch truncation and all v1 forms without migration (3.3311ms)
✔ v2 never reuses a prior scope ID even when epoch-specific name and all digests are recomputed (0.5312ms)
✔ account history without a real read transport fails closed before invoking its consumer (1.8352ms)
✔ real account SSE publishes queue revisions without duplicates and fences a fetched plaintext batch (1500.8598ms)
✔ fixture HTTP proxy propagates aborted source and downstream cancel but preserves complete bodies (40.8043ms)
✔ account conversation controls are owner/creator scoped and queued work is not represented as running (0.5359ms)
[包含敏感字段的日志行已隐藏]
✔ fence pending remains an error, malformed success is rejected, and callers can retry the same request ID (0.8547ms)
✔ late control response cannot mutate state after an account/project A-B-A scope change (0.1646ms)
✔ late consent in an A-B-A identity change never submits the old visibility request (0.1294ms)
✔ account stop rejects missing current run/request IDs instead of falling back to an empty legacy abort (0.1109ms)
✔ Composer renders account stop authority honestly and keeps local mode stop enabled by default (107.8391ms)
✔ 账号读取 EOF 清正文、待折增量和附件关联；从 seq 0 重放且旧页面工具结果不回写 (66.9448ms)
✔ 账号读取 HTTP 401 即使带业务错误码也清正文并停止重连 (45.5257ms)
✔ 账号读取 HTTP 403 即使带业务错误码也清正文并停止重连 (46.4146ms)
✔ 旧 LAN 会话断线仍沿用 seq 续读和缓存语义 (15.4769ms)
✔ durable account run pairs one assistant with its accepted user and preserves exact sender binding (2.1222ms)
✔ replay never resets text, tools or pending assistant and same run cannot change its binding (0.3116ms)
✔ unbound account run/text never borrows last assistant, or an unrelated accepted sender (0.2346ms)
✔ account runner_done, raw done/end and model error do not claim settled success (0.2276ms)
✔ legacy user/run sequence retains its existing completion behavior (0.1204ms)
✔ CAU-REV-01 白名单:四种各调到本机的实现;别的一律拒绝、什么都不执行 (1.3351ms)
✔ CAU-REV-02 参数的规矩、不合格的请求不答、实现抛错只回原因 (4.112ms)
✔ CAU-REV-03 会话:报页面号;事件流里的请求执行一次并交回,不折进消息、不动 lastSeq;重复的只执行一次 (76.2147ms)
✔ CAU-REV-04 只看不动的页面不报页面号、不执行;关掉或换了对话之后的结果不交回 (77.2516ms)
✔ CAU-REV-05 对账:页面的白名单与服务端经反向通道的工具表是同一组 (0.282ms)
✔ CAU-REV-06 守门:触发执行的入口只有事件流;接口层带委托票据交回 (196.9888ms)
ℹ tests 177
ℹ suites 0
ℹ pass 177
ℹ fail 0
ℹ cancelled 0
ℹ skipped 0
ℹ todo 0
ℹ duration_ms 6738.935
✓ npm test 最终结果：零失败
