
> promptcut@0.7.17 test
> node scripts/test-suite.mjs server/test/agent-run-scope-failure.test.mjs server/test/agent-run-scope-doc.test.mjs server/test/agent-run-scope-forced.test.mjs server/test/agent-run-scope-core.test.mjs server/test/asset-root-registry-publisher.test.mjs server/test/asset-root-registry-schema-v2.test.mjs server/test/agent-instance-authority.test.mjs server/test/agent-instance-run.test.mjs server/test/run-authority-core.test.mjs server/test/agent-worker-events.test.mjs server/test/agent-worker-session.test.mjs server/test/agent-worker-task.test.mjs server/test/agent-worker-registration-mtls.test.mjs server/test/worker-event-journal.test.mjs server/test/worker-event-sink.test.mjs server/test/worker-event-sink-mtls.test.mjs server/test/account-run-events.test.mjs

✔ FULL committed events replay across reopen; scoped monotonic cursors and immutable sender binding (58.9493ms)
✔ identical event IDs replay exactly, conflicts and forged registered binding are rejected (42.6078ms)
✔ fresh provider mismatch and missing trusted configuration never register a run (29.8732ms)
✔ supervised synchronous emitter copies payload, drains in order, omits full tool output (38.7999ms)
✔ real SQLite failure is supervised immediately; subsequent gate and flush reject original failure (36.9471ms)
✔ concurrent registered runs share one committed conversation cursor, other conversations do not (42.8609ms)
✔ real doc read/run bindings reach durable run/tool/model events, but no inferred successful finish (91.7701ms)
✔ append failure aborts actual runner handle, waits owned drain, and blocks next model/tool/finish (82.694ms)
✔ fresh doc SQLite message mirror shares stable eventSeq; mutable queue/run projections do not duplicate it (41.54ms)
✔ accepted mirror rejects doc denial, scope mismatch and forged digest before writing any event (47.7713ms)
✔ private service mirror invokes actual doc get, propagates missing read scope and never mirrors send body (65.6528ms)
✔ accepted-message commit fault rolls back both row and cursor and closes with failure (16.9083ms)
✔ recovered run mirrors only original doc message matched to fresh grant digest; denied or changed sources write nothing (48.7982ms)
✔ durable registration ACK replay is exact; new boot has a distinct monotonic generation, not a close receipt (20.7324ms)
✔ proof is bound to current connection, API, body, authority and immutable instance generation (19.7266ms)
✔ doc restart discards capabilities; the still-live original key can reprove, a new key cannot inherit (25.3005ms)
✔ fence rejects immediately; missing or incomplete OS closure evidence cannot turn unknown into closed (30.6778ms)
✔ all run entry points bind the immutable registered instance; a new same-certificate process cannot inherit ACKs (63.3483ms)
✔ resolve/read capability cannot authorize check/write; missing/forged instance fields are denied (69.9252ms)
✔ instance fence and grant revoke share a SQLite commit; queued work remains available to a new instance without reviving the old run (68.2277ms)
✔ instance revoked during asynchronous credential verification cannot commit admission (49.2545ms)
✔ idle registered instance still requires closure inventory; its unassigned queue can be admitted by another instance (58.4663ms)
✔ multiple assigned grants yield one exact instance inventory entry and all corresponding operation fences (60.6807ms)
▶ listener parser/owner refuses another MainPID fd set, wildcard, other UID and ambiguous/reused port
  ✔ wrong MainPID owns different socket (3.1733ms)
  ✔ recycled inode absent from actual fd (0.2692ms)
  ✔ wildcard bound management listener (0.1736ms)
  ✔ other UID (0.1471ms)
  ✔ multiple candidates (0.1467ms)
  ✔ unknown table (0.1292ms)
  ✔ malformed table (0.118ms)
  ✔ IPv6 alternative listener (0.1518ms)
✔ listener parser/owner refuses another MainPID fd set, wildcard, other UID and ambiguous/reused port (9.4559ms)
✔ controlled two independent slots: closing A leaves B bound; two epochs have distinct complete OS/key identities (27.4784ms)
✔ single generation admits one signed grant; exact bind retry is idempotent, another conversation conflicts (8.1534ms)
✔ terminal retry uses identical old intent; changed terminal cannot rewrite closed history (15.8566ms)
✔ fresh generation cannot reuse old runGrantId even with a new valid doc signature (15.8653ms)
✔ RAM key reuse across OS generations is rejected before a new publication (7.9779ms)
✔ active slot cannot start new OS generation (1.8558ms)
✔ missing or forged Doc signature never reaches OS stop (3.4343ms)
✔ new OS key cannot sign the old terminal intent (4.3627ms)
▶ wrong slot/instance/generation is not accepted merely because a signature is valid
  ✔ {"instanceId":"replacement"} (2.6099ms)
  ✔ {"instanceGeneration":0} (1.9176ms)
  ✔ {"publicKeyDigest":"ffffffffffffffffffffffffffffffffffffffffffffffffffffffffffffffff"} (2.0548ms)
  ✔ {"serviceId":"asset"} (2.3744ms)
✔ wrong slot/instance/generation is not accepted merely because a signature is valid (9.3626ms)
▶ old FD errors/nonempty keep marker absent, lock held, scope unreleased
  ✔ observe (3.5009ms)
  ✔ populated (4.2846ms)
  ✔ pin (3.2272ms)
  ✔ release (4.1686ms)
✔ old FD errors/nonempty keep marker absent, lock held, scope unreleased (15.4841ms)
✔ closure is durable before scope release and publication; no successful close is inferred from visible head (4.2213ms)
▶ reader rejects missing marker, mixed target, partial history, rollback and moved scope inode
  ✔ tampered chain (6.1743ms)
  ✔ tampered chain (5.8307ms)
  ✔ tampered chain (4.4502ms)
  ✔ tampered chain (4.8806ms)
  ✔ tampered chain (4.4973ms)
✔ reader rejects missing marker, mixed target, partial history, rollback and moved scope inode (32.6487ms)
✔ reader detects a concurrent transition or lock before returning a projection (3.242ms)
✔ Agent reservation domain cannot be exchanged for Asset, and trusted anchor is explicit (1.5008ms)
▶ unknown/prototype phases cannot skip publication checks
  ✔ __proto__ (2.3841ms)
  ✔ constructor (2.6555ms)
  ✔ finished (2.1983ms)
  ✔ null (2.8864ms)
  ✔ [object Object] (2.8762ms)
✔ unknown/prototype phases cannot skip publication checks (13.391ms)
✔ real TMP file post-link directory barrier failure leaves visible marker AND exclusion lock (12.9077ms)
✔ Windows is never promoted to Linux root by an injected callback or valid config (0.6627ms)
✔ probe/worker CLI guards reject before any listener, and child actual close is awaited (93.6314ms)
✔ DER/PEM join proves one key, keeps both digest domains, rejects another key (5.3115ms)
✔ real mTLS parser separates master/worker, signs full assignment/read requests, and rejects path/body substitution (1043.6958ms)
ℹ actual owned TLS close: sockets=0, listening=false, port=6712
✔ SQLite registration pins real root ID/key; assignment stays invisible to read until root bind (39.8673ms)
✔ normal prepare before death plus actual Doc fence and root closed projection releases exact FIFO; missing proof stays pending (65.0059ms)
✔ required mode persists and cannot reopen without scope module; wrong key/extra ref rejected (25.2402ms)
✔ root failure import unbound retirement preserves FIFO until independent root close (53.3981ms)
✔ root failure import bound crash preserves FIFO until independent root close (55.5431ms)
✔ every scoped revoke holds its original FIFO until root closure; shared read credential/member exception remains retained (412.6859ms)
✔ separate trusted master certificate registers control-only and cannot sign itself run access (24.6292ms)
✔ root failure publication preserves bound phase and never stops or claims populated group closed (19.959ms)
✔ live main observation fails closed with lock; no fabricated failure publication (4.972ms)
✔ failure-only publication between two absent reads cannot hide behind unchanged current head (6.0298ms)
✔ failure proof rejects missing-marker (6.1378ms)
✔ failure proof rejects mixed-record (5.8686ms)
✔ failure proof rejects fake-empty (5.9193ms)
✔ failure proof rejects post-marker-fsync (3.7993ms)
✔ forced close has Doc fence signature and no synthetic worker intent; next epoch keeps full chain (32.3102ms)
✔ unassigned retirement closes only a ready slot without assignment or task outcome (14.6079ms)
▶ child still populated cannot close or release, forged forced signature and normal/forced confusion reject
  ✔ populated (7.1834ms)
  ✔ signature (6.7121ms)
  ✔ normal-mode (4.5607ms)
  ✔ fake-intent (4.472ms)
  ✔ missing-runtime (3.6895ms)
✔ child still populated cannot close or release, forged forced signature and normal/forced confusion reject (27.5974ms)
▶ retirement cannot erase bound grant or be passed to normal close
  ✔ retire (4.4352ms)
  ✔ close (3.1334ms)
✔ retirement cannot erase bound grant or be passed to normal close (7.8631ms)
✔ master atomically commits trusted original message + ordered worker event + exact replay ACK (46.5591ms)
✔ SQLite event failure rolls back original mirror/source ACK and latches future writer failure (44.8209ms)
✔ missing durable tail cannot be reported as a lower source head or replayed ACK (52.0312ms)
✔ receiver verifies full raw bytes/key/peer/current source and nonce; never trusts body capability (36.5973ms)
✔ actual TLS worker key → root record → Doc scope registration/admit; no read/model before bound (1121.9148ms)
ℹ actual role ports: Doc 6700, worker identity 6701; model calls/read receipts before bound: 0/0; OS publisher controlled
✔ worker public PEM/DER refer to one RAM key and retain distinct digest rules (15.7624ms)
✔ worker event signer uses its own domain, full original body and current TLS exporter (5.1648ms)
✔ event signing requires durable private source and exact bound worker identity (8.7119ms)
✔ closed TLS after durable source await cannot sign a worker packet (5.7557ms)
✔ root-scoped registration binds the exact record and rejects swapped digest/ref/instance (14.6868ms)
✔ prepare needs bound assignment/source and intent signs only the matching Doc terminal (4.1578ms)
✔ different key, instance, scope, extra closed declaration and conflicting prepare are rejected (3.4644ms)
✔ prepare source failure or changes reject and cannot create an intent (6.4785ms)
✔ assignment proof has a distinct full-body scope; resolve/read and other routes cannot substitute (2.2319ms)
✔ run client exposes the same public-only key and rejects body identity before creating TLS (0.4786ms)
✔ control-only instance signs only scoped metadata/read-control and cannot become a run worker (0.8107ms)
✔ explicit worker registration requires trusted root scope; requested purpose cannot be downgraded (0.3025ms)
✔ single worker cannot read/model before bound or select another conversation (137.6465ms)
✔ single task configuration requires bound source, durable events and drain owner (88.877ms)
✔ actual owned close failure propagates and reports unknown rather than local drained (92.2998ms)
✔ Hosted factory actually passes task, assignment, events and drain hooks; default stays non-task (93.4561ms)
✔ publisher parses actual /proc stat field 22 without whitespace/comm confusion; scope rejects arbitrary unit/path (1.4761ms)
✔ publisher rejects automatic replacement, delegated tree, alias unit, or process-only KillMode before unit control (0.5946ms)
✔ controlled initialize creates immutable anchor; rotate closure precedes reservation/active; matches canonical witness chain (3.8899ms)
✔ controlled incorrect old process refuses stop; ENOENT observation remains inactive and never starts (3.4341ms)
▶ controlled closure cannot substitute another boot/cgroup/birth/invocation or false completion
  ✔ mismatch 0 (0.4528ms)
  ✔ mismatch 1 (0.4521ms)
  ✔ mismatch 2 (0.4213ms)
  ✔ mismatch 3 (0.3966ms)
  ✔ mismatch 4 (0.8574ms)
✔ controlled closure cannot substitute another boot/cgroup/birth/invocation or false completion (3.0765ms)
▶ controlled pre-write cuts leave nonactive and retain lock; these do not model post-rename failure
  ✔ transition.json (0.4871ms)
  ✔ witness-2.json (0.4284ms)
  ✔ reservation.json (0.5411ms)
  ✔ epoch-2.json (0.4771ms)
  ✔ current-active (0.412ms)
✔ controlled pre-write cuts leave nonactive and retain lock; these do not model post-rename failure (2.704ms)
▶ controlled identity cannot change PID/epoch/instance/authority/pin or self-attest extra OS fields
  ✔ pid (0.4416ms)
  ✔ epoch (0.12ms)
  ✔ instanceId (0.0994ms)
  ✔ authorityId (0.0843ms)
  ✔ docClientFingerprint256 (0.0814ms)
  ✔ uid (0.0818ms)
✔ controlled identity cannot change PID/epoch/instance/authority/pin or self-attest extra OS fields (1.1925ms)
✔ controlled MainPID change during identity await or final fsync window never publishes active (0.2758ms)
✔ controlled bootstrap is explicit, prior files/history cannot be reset and root mutex spans entire async operation (0.4242ms)
✔ controlled third epoch checks complete owned history; corrupt/missing prior witness cannot stop a unit (2.2079ms)
✔ production entry never accepts Windows/nonroot as OS evidence; CLI rejects fixture/force before IO and actually closes (60.951ms)
✔ real TMP current rename followed by directory fsync failure may expose active, but must retain publisher lock (32.8428ms)
ℹ actual active JSON visible after rename; injected directory barrier failure; lock retained; no accepted checkpoint claim
✔ real TMP publication hardlink visible then directory barrier fails: marker alone never permits unlock (28.217ms)
ℹ actual active + publication marker visible; injected post-link barrier failure; lock retained; marker is not sole authorization
✔ real TMP in-flight publication barrier keeps lock; only successful completion removes it and binds every digest (27.6136ms)
ℹ real file operations; controlled directory barrier on Windows; no Linux durability/power-loss claim
✔ real TMP unlock barrier failure has unknown CLI result but cannot undo already completed publication (26.5473ms)
ℹ unlock result unknown; marker/active barriers completed before unlink; failure is NOT a claim of inactive
✔ prior active without exact publication completion marker cannot be rotated (1.2653ms)
✔ v2 controlled two-epoch publisher persists witness before releasing old scope, archives every reservation and keeps new scope (5.1508ms)
▶ v2 controlled faults never release old scope before durable empty witness or authorize new active generation
  ✔ ENODEV (1.0659ms)
  ✔ populated (1.2488ms)
  ✔ wrong tuple (1.0324ms)
  ✔ witness visible but fsync fails (1.3395ms)
  ✔ release unknown (1.209ms)
  ✔ scope collision (0.9503ms)
  ✔ foreign configuration (1.1002ms)
  ✔ identity mismatch (1.264ms)
✔ v2 controlled faults never release old scope before durable empty witness or authorize new active generation (9.7135ms)
✔ v2 refuses missing reservation history before any stop and rejects implicit v1 upgrade (1.239ms)
✔ v2 visible active/marker write failures retain exclusion, not a fictitious rollback (1.0753ms)
✔ v2 third epoch cannot reuse nonadjacent history identities or invocations (10.2454ms)
✔ v2 runtime configuration permits only exact owned drop-in and immutable declared base set; Linux root gate remains (0.4292ms)
✔ v2 real file drop-in replacement refuses foreign contents/inode; post-rename fsync failure retains real lock (17.2257ms)
ℹ Real Windows file/rename/lock; injected directory fsync failure, not Linux unit or durability proof
✔ v2 pure validation binds two distinct tuples, immutable reservations and full contiguous history (8.9081ms)
▶ v2 rejects slice/service tuple substitution, prefix-only containment and foreign identity
  ✔ slice substituted for service (0.5713ms)
  ✔ sibling prefix (0.6462ms)
  ✔ nested other unit (0.2474ms)
  ✔ dot path (0.583ms)
  ✔ wrong scope epoch (0.2325ms)
  ✔ wrong authority (0.2102ms)
  ✔ wrong instance (0.1578ms)
  ✔ different boot (0.2086ms)
  ✔ same inode (0.3324ms)
  ✔ same invocation (0.2082ms)
  ✔ zero invocation (0.1406ms)
  ✔ extra trusted flag (0.2322ms)
✔ v2 rejects slice/service tuple substitution, prefix-only containment and foreign identity (5.0669ms)
▶ v2 rejects missing/nonempty/unknown closure facts and changed previous tuple even with recomputed witness digest
  ✔ populated (2.2566ms)
  ✔ closed (0.8869ms)
  ✔ scopeActive (1.3055ms)
  ✔ scopeExclusive (1.2675ms)
  ✔ serviceInactive (1.5157ms)
  ✔ mainBirthGone (0.9646ms)
  ✔ kind (1.2383ms)
  ✔ at (1.1517ms)
✔ v2 rejects missing/nonempty/unknown closure facts and changed previous tuple even with recomputed witness digest (12.3189ms)
✔ v2 requires marker/unlocked gate, exact reservation and checkpoint rather than visible active alone (1.847ms)
✔ v2 rejects history gaps, reorder, epoch truncation and all v1 forms without migration (3.0912ms)
✔ v2 never reuses a prior scope ID even when epoch-specific name and all digests are recomputed (0.5247ms)
✔ run authority requires real provider callbacks and SQLite FULL stores no usable user token (64.6218ms)
✔ full durable record is independently checked, including sender/selection/attachments and service identity (68.3341ms)
✔ same SQLite commit order read-first, no clock inference (69.3888ms)
✔ same SQLite commit order exit-first, no clock inference (59.159ms)
✔ private wins private-first; creator read exception never keeps another owner's run (62.8453ms)
✔ private wins exit-first; creator read exception never keeps another owner's run (47.6394ms)
✔ private owner exits: read receipt remains history, run is revoked (41.5085ms)
✔ stop terminates retained current run and never revives on reopen (30.365ms)
✔ delete terminates retained current run and never revives on reopen (31.9812ms)
✔ agent-disabled terminates retained current run and never revives on reopen (38.3613ms)
✔ service-revoked terminates retained current run and never revives on reopen (30.762ms)
✔ same requestId in distinct real conversation/project scopes has distinct private controls and ACKs (37.1992ms)
✔ run references cannot alter any actor/project/service binding; normal finish releases FIFO only once (37.4729ms)
✔ read ACK loss queries exact durable request and executes once; replayed ACK after private cannot start (32.5976ms)
✔ unknown ACK or private after confirmed ACK makes zero model calls (23.7591ms)
✔ real async credential gap cannot admit after durable exit (18.9023ms)
✔ invalid FIFO head is durably cancelled and next valid sender gets a separate credential check (17.8952ms)
✔ all invalid FIFO heads commit cancellation; transient account failure preserves queued text (35.8581ms)
✔ off then on durable events revoke old run; incomplete legacy event cannot infer uninterrupted service from latest flag (46.7736ms)
✔ actual account SQLite password choice: no exit keeps run, exit retains exact shared current and fresh login remains independent (54.2832ms)
✔ FULL local packet survives reopen; ACK is separate durable evidence, not OS closure (41.2066ms)
✔ same event/ACK id is idempotent, changed content/receipt and wrong signed source reject (32.6798ms)
✔ ACK cannot substitute binding, packet, event contents or sequence (38.8057ms)
✔ append commit failure leaves no packet and latches next append/source/close (23.7196ms)
✔ ACK commit failure keeps original packet pending and prevents next model boundary (25.7904ms)
✔ deleted tail/middle, mismatched ACK and changed worker scope fail closed on reopen (143.596ms)
✔ durable worker → signed actual TLS → durable master → durable ACK; lost ACK replays only packet (1167.3546ms)
ℹ owned master HTTPS 6702; real worker/master FULL journals and exporter signatures; controlled registration/root OS/Doc getter; settlement pending
✔ local disk failure is supervised immediately and stops next boundary before any TLS (26.513ms)
✔ unknown existing journal cannot start or restart model execution (32.7251ms)
✔ foreign grant and missing original Doc message reject without creating writer/transport (30.433ms)
ℹ tests 219
ℹ suites 0
ℹ pass 219
ℹ fail 0
ℹ cancelled 0
ℹ skipped 0
ℹ todo 0
ℹ duration_ms 1865.804
✓ npm test 最终结果：零失败
